
> framey-landing@0.1.0 build
> next build

▲ Next.js 16.2.4 (Turbopack)

  Creating an optimized production build ...
npm : Error: Cannot apply unknown utility class `glass-card`
At line:1 char:1
+ npm run build > build_output.txt 2>&1
+ ~~~~~~~~~~~~~~~~~~~~~~~~~~~~~~~~~~~~~
    + CategoryInfo          : NotSpecified: (Error: Cannot a...ss `glass-card`:String) [], RemoteException
    + FullyQualifiedErrorId : NativeCommandError
 
    [2m[at onInvalidCandidate 
(F:\laragon\www\oricodes_plugin\_fork\opusui\framey-landing\node_modules\tailwindcss\dist\lib.js:21:1511)][0m
    [2m[at Ne 
(F:\laragon\www\oricodes_plugin\_fork\opusui\framey-landing\node_modules\tailwindcss\dist\lib.js:16:37926)][0m
    [2m[at F:\laragon\www\oricodes_plugin\_fork\opusui\framey-landing\node_modules\tailwindcss\dist\lib.js:21:355][0m
    [2m[at Ur 
(F:\laragon\www\oricodes_plugin\_fork\opusui\framey-landing\node_modules\tailwindcss\dist\lib.js:3:1733)][0m
    [2m[at I 
(F:\laragon\www\oricodes_plugin\_fork\opusui\framey-landing\node_modules\tailwindcss\dist\lib.js:3:1377)][0m
    [2m[at Ee 
(F:\laragon\www\oricodes_plugin\_fork\opusui\framey-landing\node_modules\tailwindcss\dist\lib.js:21:172)][0m
    [2m[at vn 
(F:\laragon\www\oricodes_plugin\_fork\opusui\framey-landing\node_modules\tailwindcss\dist\lib.js:38:294)][0m
    [2m[at async kn 
(F:\laragon\www\oricodes_plugin\_fork\opusui\framey-landing\node_modules\tailwindcss\dist\lib.js:38:631)][0m
    [2m[at async Xr 
(F:\laragon\www\oricodes_plugin\_fork\opusui\framey-landing\node_modules\@tailwindcss\node\dist\index.js:10:3415)][0m
    [2m[at async E (F:\laragon\www\oricodes_plugin\_fork\opusui\framey-landing\node_modules\@tailwindcss\postcss\dist\
index.js:10:3979)][0m

> Build error occurred
Error: Turbopack build failed with 1 errors:
./src/app/globals.css
Error evaluating Node.js code
CssSyntaxError: tailwindcss: F:\laragon\www\oricodes_plugin\_fork\opusui\framey-landing\src\app\globals.css:1:1: 
Cannot apply unknown utility class `glass-card`
    at Input.error (node_modules/postcss/lib/input.js:135:16) 
[F:\laragon\www\oricodes_plugin\_fork\opusui\framey-landing\.next\build\chunks\node_modules_13sb.px._.js:4697:22]
    at error (node_modules/postcss/lib/node.js:146:32) 
[F:\laragon\www\oricodes_plugin\_fork\opusui\framey-landing\.next\build\chunks\node_modules_13sb.px._.js:959:38]
    [at Object.Once 
(F:\laragon\www\oricodes_plugin\_fork\opusui\framey-landing\node_modules\@tailwindcss\postcss\dist\index.js:10:6913)]
    at async LazyResult.runAsync (node_modules/postcss/lib/lazy-result.js:293:11) 
[F:\laragon\www\oricodes_plugin\_fork\opusui\framey-landing\.next\build\chunks\node_modules_13sb.px._.js:6260:21]
    at async transform (turbopack:///[turbopack-node]/transforms/postcss.ts:70:34) [F:\laragon\www\oricodes_plugin\_for
k\opusui\framey-landing\.next\build\chunks\[root-of-the-server]__0d-m0h0._.js:146:36]
    at async run (turbopack:///[turbopack-node]/child_process/evaluate.ts:89:23) [F:\laragon\www\oricodes_plugin\_fork\
opusui\framey-landing\.next\build\chunks\[root-of-the-server]__0ubbtyl._.js:443:31]

Import trace:
  Client Component Browser:
    ./src/app/globals.css [Client Component Browser]
    ./src/app/layout.tsx [Server Component]


    at async transform (turbopack:///[turbopack-node]/transforms/postcss.ts:70:34) [F:\laragon\www\oricodes_plugin\_for
k\opusui\framey-landing\.next\build\chunks\[root-of-the-server]__0d-m0h0._.js:146:36])
    at async run (turbopack:///[turbopack-node]/child_process/evaluate.ts:89:23) [F:\laragon\www\oricodes_plugin\_fork\
opusui\framey-landing\.next\build\chunks\[root-of-the-server]__0ubbtyl._.js:443:31])
